Archive member included to satisfy reference by file (symbol)

/usr/local/Cellar/avr-gcc/8.1.0/lib/avr-gcc/8/gcc/avr/8.1.0/avr25/libgcc.a(_mulhi3.o)
                              libs/tinusaur-ssd1306xled/ssd1306xled/ssd1306xled.o (__mulhi3)
/usr/local/Cellar/avr-gcc/8.1.0/lib/avr-gcc/8/gcc/avr/8.1.0/avr25/libgcc.a(_exit.o)
                              /usr/local/Cellar/avr-gcc/8.1.0/lib/avr-gcc/8/gcc/avr/8.1.0/../../../../../../avr/lib/avr25/crtattiny85.o (exit)
/usr/local/Cellar/avr-gcc/8.1.0/lib/avr-gcc/8/gcc/avr/8.1.0/avr25/libgcc.a(_copy_data.o)
                              libs/tinusaur-ssd1306xled/ssd1306xled/num2str.o (__do_copy_data)
/usr/local/Cellar/avr-gcc/8.1.0/lib/avr-gcc/8/gcc/avr/8.1.0/avr25/libgcc.a(_clear_bss.o)
                              libs/tinusaur-ssd1306xled/ssd1306xled/ssd1306xled.o (__do_clear_bss)

Allocating common symbols
Common symbol       size              file

ssd1306_numdec_buffer
                    0x6               libs/tinusaur-ssd1306xled/ssd1306xled/ssd1306xled.o
USI_I2C_Master_State
                    0x1               usi_i2c_master.o

Memory Configuration

Name             Origin             Length             Attributes
text             0x0000000000000000 0x0000000000002000 xr
data             0x0000000000800060 0x000000000000ffa0 rw !x
eeprom           0x0000000000810000 0x0000000000010000 rw !x
fuse             0x0000000000820000 0x0000000000000400 rw !x
lock             0x0000000000830000 0x0000000000000400 rw !x
signature        0x0000000000840000 0x0000000000000400 rw !x
user_signatures  0x0000000000850000 0x0000000000000400 rw !x
*default*        0x0000000000000000 0xffffffffffffffff

Linker script and memory map

LOAD /usr/local/Cellar/avr-gcc/8.1.0/lib/avr-gcc/8/gcc/avr/8.1.0/../../../../../../avr/lib/avr25/crtattiny85.o
LOAD main.o
LOAD libs/tinusaur-ssd1306xled/ssd1306xled/ssd1306xled.o
LOAD libs/tinusaur-ssd1306xled/ssd1306xled/num2str.o
LOAD usi_i2c_master.o
LOAD ina219.o
LOAD /usr/local/Cellar/avr-gcc/8.1.0/lib/avr-gcc/8/gcc/avr/8.1.0/../../../../../../avr/lib/avr25/libm.a
START GROUP
LOAD /usr/local/Cellar/avr-gcc/8.1.0/lib/avr-gcc/8/gcc/avr/8.1.0/avr25/libgcc.a
LOAD /usr/local/Cellar/avr-gcc/8.1.0/lib/avr-gcc/8/gcc/avr/8.1.0/../../../../../../avr/lib/avr25/libm.a
LOAD /usr/local/Cellar/avr-gcc/8.1.0/lib/avr-gcc/8/gcc/avr/8.1.0/../../../../../../avr/lib/avr25/libc.a
LOAD /usr/local/Cellar/avr-gcc/8.1.0/lib/avr-gcc/8/gcc/avr/8.1.0/../../../../../../avr/lib/avr25/libattiny85.a
END GROUP
                0x0000000000002000                __TEXT_REGION_LENGTH__ = DEFINED (__TEXT_REGION_LENGTH__)?__TEXT_REGION_LENGTH__:0x2000
                0x000000000000ffa0                __DATA_REGION_LENGTH__ = DEFINED (__DATA_REGION_LENGTH__)?__DATA_REGION_LENGTH__:0xffa0
                0x0000000000010000                __EEPROM_REGION_LENGTH__ = DEFINED (__EEPROM_REGION_LENGTH__)?__EEPROM_REGION_LENGTH__:0x10000
                0x0000000000000400                __FUSE_REGION_LENGTH__ = DEFINED (__FUSE_REGION_LENGTH__)?__FUSE_REGION_LENGTH__:0x400
                0x0000000000000400                __LOCK_REGION_LENGTH__ = DEFINED (__LOCK_REGION_LENGTH__)?__LOCK_REGION_LENGTH__:0x400
                0x0000000000000400                __SIGNATURE_REGION_LENGTH__ = DEFINED (__SIGNATURE_REGION_LENGTH__)?__SIGNATURE_REGION_LENGTH__:0x400
                0x0000000000000400                __USER_SIGNATURE_REGION_LENGTH__ = DEFINED (__USER_SIGNATURE_REGION_LENGTH__)?__USER_SIGNATURE_REGION_LENGTH__:0x400

.hash
 *(.hash)

.dynsym
 *(.dynsym)

.dynstr
 *(.dynstr)

.gnu.version
 *(.gnu.version)

.gnu.version_d
 *(.gnu.version_d)

.gnu.version_r
 *(.gnu.version_r)

.rel.init
 *(.rel.init)

.rela.init
 *(.rela.init)

.rel.text
 *(.rel.text)
 *(.rel.text.*)
 *(.rel.gnu.linkonce.t*)

.rela.text
 *(.rela.text)
 *(.rela.text.*)
 *(.rela.gnu.linkonce.t*)

.rel.fini
 *(.rel.fini)

.rela.fini
 *(.rela.fini)

.rel.rodata
 *(.rel.rodata)
 *(.rel.rodata.*)
 *(.rel.gnu.linkonce.r*)

.rela.rodata
 *(.rela.rodata)
 *(.rela.rodata.*)
 *(.rela.gnu.linkonce.r*)

.rel.data
 *(.rel.data)
 *(.rel.data.*)
 *(.rel.gnu.linkonce.d*)

.rela.data
 *(.rela.data)
 *(.rela.data.*)
 *(.rela.gnu.linkonce.d*)

.rel.ctors
 *(.rel.ctors)

.rela.ctors
 *(.rela.ctors)

.rel.dtors
 *(.rel.dtors)

.rela.dtors
 *(.rela.dtors)

.rel.got
 *(.rel.got)

.rela.got
 *(.rela.got)

.rel.bss
 *(.rel.bss)

.rela.bss
 *(.rela.bss)

.rel.plt
 *(.rel.plt)

.rela.plt
 *(.rela.plt)

.text           0x0000000000000000      0xbd2
 *(.vectors)
 .vectors       0x0000000000000000       0x1e /usr/local/Cellar/avr-gcc/8.1.0/lib/avr-gcc/8/gcc/avr/8.1.0/../../../../../../avr/lib/avr25/crtattiny85.o
                0x0000000000000000                __vectors
                0x0000000000000000                __vector_default
 *(.vectors)
 *(.progmem.gcc*)
                0x000000000000001e                . = ALIGN (0x2)
                0x000000000000001e                __trampolines_start = .
 *(.trampolines)
 .trampolines   0x000000000000001e        0x0 linker stubs
 *(.trampolines*)
                0x000000000000001e                __trampolines_end = .
 *libprintf_flt.a:*(.progmem.data)
 *libc.a:*(.progmem.data)
 *(.progmem.*)
 .progmem.data  0x000000000000001e      0x5f0 main.o
                0x000000000000001e                ssd1306xled_font8x16data
 .progmem.data  0x000000000000060e       0x1c libs/tinusaur-ssd1306xled/ssd1306xled/ssd1306xled.o
                0x000000000000060e                ssd1306_init_sequence
                0x000000000000062a                . = ALIGN (0x2)
 *(.lowtext)
 *(.lowtext*)
                0x000000000000062a                __ctors_start = .
 *(.ctors)
                0x000000000000062a                __ctors_end = .
                0x000000000000062a                __dtors_start = .
 *(.dtors)
                0x000000000000062a                __dtors_end = .
 SORT_BY_NAME(*)(.ctors)
 SORT_BY_NAME(*)(.dtors)
 *(.init0)
 .init0         0x000000000000062a        0x0 /usr/local/Cellar/avr-gcc/8.1.0/lib/avr-gcc/8/gcc/avr/8.1.0/../../../../../../avr/lib/avr25/crtattiny85.o
                0x000000000000062a                __init
 *(.init0)
 *(.init1)
 *(.init1)
 *(.init2)
 .init2         0x000000000000062a        0xc /usr/local/Cellar/avr-gcc/8.1.0/lib/avr-gcc/8/gcc/avr/8.1.0/../../../../../../avr/lib/avr25/crtattiny85.o
 *(.init2)
 *(.init3)
 *(.init3)
 *(.init4)
 .init4         0x0000000000000636       0x16 /usr/local/Cellar/avr-gcc/8.1.0/lib/avr-gcc/8/gcc/avr/8.1.0/avr25/libgcc.a(_copy_data.o)
                0x0000000000000636                __do_copy_data
 .init4         0x000000000000064c       0x10 /usr/local/Cellar/avr-gcc/8.1.0/lib/avr-gcc/8/gcc/avr/8.1.0/avr25/libgcc.a(_clear_bss.o)
                0x000000000000064c                __do_clear_bss
 *(.init4)
 *(.init5)
 *(.init5)
 *(.init6)
 *(.init6)
 *(.init7)
 *(.init7)
 *(.init8)
 *(.init8)
 *(.init9)
 .init9         0x000000000000065c        0x4 /usr/local/Cellar/avr-gcc/8.1.0/lib/avr-gcc/8/gcc/avr/8.1.0/../../../../../../avr/lib/avr25/crtattiny85.o
 *(.init9)
 *(.text)
 .text          0x0000000000000660        0x2 /usr/local/Cellar/avr-gcc/8.1.0/lib/avr-gcc/8/gcc/avr/8.1.0/../../../../../../avr/lib/avr25/crtattiny85.o
                0x0000000000000660                __vector_10
                0x0000000000000660                __vector_12
                0x0000000000000660                __bad_interrupt
                0x0000000000000660                __vector_6
                0x0000000000000660                __vector_3
                0x0000000000000660                __vector_11
                0x0000000000000660                __vector_13
                0x0000000000000660                __vector_7
                0x0000000000000660                __vector_5
                0x0000000000000660                __vector_4
                0x0000000000000660                __vector_9
                0x0000000000000660                __vector_2
                0x0000000000000660                __vector_8
                0x0000000000000660                __vector_14
                0x0000000000000660                __vector_1
 .text          0x0000000000000662       0x26 main.o
                0x0000000000000662                init
 .text          0x0000000000000688      0x2be libs/tinusaur-ssd1306xled/ssd1306xled/ssd1306xled.o
                0x0000000000000688                ssd1306_xfer_start
                0x0000000000000692                ssd1306_xfer_stop
                0x000000000000069c                ssd1306_send_byte
                0x00000000000006ce                ssd1306_send_command_start
                0x00000000000006d8                ssd1306_send_command_stop
                0x00000000000006da                ssd1306_send_command
                0x00000000000006e8                ssd1306_send_data_start
                0x00000000000006f2                ssd1306_send_data_stop
                0x00000000000006f4                ssd1306_init
                0x0000000000000716                ssd1306_release
                0x000000000000071c                ssd1306_setpos
                0x0000000000000742                ssd1306_fill4
                0x0000000000000784                ssd1306_fill2
                0x000000000000078a                ssd1306_fill
                0x0000000000000792                ssd1306_byte
                0x00000000000007a0                ssd1306_char_font6x8
                0x00000000000007e6                ssd1306_string_font6x8
                0x00000000000007fc                ssd1306_numdec_font6x8
                0x000000000000080e                ssd1306_numdecp_font6x8
                0x000000000000081e                ssd1306_string_font8x16xy
                0x00000000000008d8                ssd1306_draw_bmp
 .text          0x0000000000000946       0xa8 libs/tinusaur-ssd1306xled/ssd1306xled/num2str.o
                0x0000000000000946                usint2decascii
                0x00000000000009ba                usint2binascii
 .text          0x00000000000009ee       0xfa usi_i2c_master.o
                0x00000000000009ee                USI_I2C_Master_Transfer
                0x0000000000000a16                USI_I2C_Master_Start_Transmission
 .text          0x0000000000000ae8       0x8a ina219.o
                0x0000000000000ae8                ina_init
 .text          0x0000000000000b72        0x0 /usr/local/Cellar/avr-gcc/8.1.0/lib/avr-gcc/8/gcc/avr/8.1.0/avr25/libgcc.a(_mulhi3.o)
 .text          0x0000000000000b72        0x0 /usr/local/Cellar/avr-gcc/8.1.0/lib/avr-gcc/8/gcc/avr/8.1.0/avr25/libgcc.a(_exit.o)
 .text          0x0000000000000b72        0x0 /usr/local/Cellar/avr-gcc/8.1.0/lib/avr-gcc/8/gcc/avr/8.1.0/avr25/libgcc.a(_copy_data.o)
 .text          0x0000000000000b72        0x0 /usr/local/Cellar/avr-gcc/8.1.0/lib/avr-gcc/8/gcc/avr/8.1.0/avr25/libgcc.a(_clear_bss.o)
                0x0000000000000b72                . = ALIGN (0x2)
 *(.text.*)
 .text.startup  0x0000000000000b72       0x3a main.o
                0x0000000000000b72                main
 .text.libgcc.mul
                0x0000000000000bac       0x22 /usr/local/Cellar/avr-gcc/8.1.0/lib/avr-gcc/8/gcc/avr/8.1.0/avr25/libgcc.a(_mulhi3.o)
                0x0000000000000bac                __mulhi3
 .text.libgcc.div
                0x0000000000000bce        0x0 /usr/local/Cellar/avr-gcc/8.1.0/lib/avr-gcc/8/gcc/avr/8.1.0/avr25/libgcc.a(_mulhi3.o)
 .text.libgcc   0x0000000000000bce        0x0 /usr/local/Cellar/avr-gcc/8.1.0/lib/avr-gcc/8/gcc/avr/8.1.0/avr25/libgcc.a(_mulhi3.o)
 .text.libgcc.prologue
                0x0000000000000bce        0x0 /usr/local/Cellar/avr-gcc/8.1.0/lib/avr-gcc/8/gcc/avr/8.1.0/avr25/libgcc.a(_mulhi3.o)
 .text.libgcc.builtins
                0x0000000000000bce        0x0 /usr/local/Cellar/avr-gcc/8.1.0/lib/avr-gcc/8/gcc/avr/8.1.0/avr25/libgcc.a(_mulhi3.o)
 .text.libgcc.fmul
                0x0000000000000bce        0x0 /usr/local/Cellar/avr-gcc/8.1.0/lib/avr-gcc/8/gcc/avr/8.1.0/avr25/libgcc.a(_mulhi3.o)
 .text.libgcc.fixed
                0x0000000000000bce        0x0 /usr/local/Cellar/avr-gcc/8.1.0/lib/avr-gcc/8/gcc/avr/8.1.0/avr25/libgcc.a(_mulhi3.o)
 .text.libgcc.mul
                0x0000000000000bce        0x0 /usr/local/Cellar/avr-gcc/8.1.0/lib/avr-gcc/8/gcc/avr/8.1.0/avr25/libgcc.a(_exit.o)
 .text.libgcc.div
                0x0000000000000bce        0x0 /usr/local/Cellar/avr-gcc/8.1.0/lib/avr-gcc/8/gcc/avr/8.1.0/avr25/libgcc.a(_exit.o)
 .text.libgcc   0x0000000000000bce        0x0 /usr/local/Cellar/avr-gcc/8.1.0/lib/avr-gcc/8/gcc/avr/8.1.0/avr25/libgcc.a(_exit.o)
 .text.libgcc.prologue
                0x0000000000000bce        0x0 /usr/local/Cellar/avr-gcc/8.1.0/lib/avr-gcc/8/gcc/avr/8.1.0/avr25/libgcc.a(_exit.o)
 .text.libgcc.builtins
                0x0000000000000bce        0x0 /usr/local/Cellar/avr-gcc/8.1.0/lib/avr-gcc/8/gcc/avr/8.1.0/avr25/libgcc.a(_exit.o)
 .text.libgcc.fmul
                0x0000000000000bce        0x0 /usr/local/Cellar/avr-gcc/8.1.0/lib/avr-gcc/8/gcc/avr/8.1.0/avr25/libgcc.a(_exit.o)
 .text.libgcc.fixed
                0x0000000000000bce        0x0 /usr/local/Cellar/avr-gcc/8.1.0/lib/avr-gcc/8/gcc/avr/8.1.0/avr25/libgcc.a(_exit.o)
 .text.libgcc.mul
                0x0000000000000bce        0x0 /usr/local/Cellar/avr-gcc/8.1.0/lib/avr-gcc/8/gcc/avr/8.1.0/avr25/libgcc.a(_copy_data.o)
 .text.libgcc.div
                0x0000000000000bce        0x0 /usr/local/Cellar/avr-gcc/8.1.0/lib/avr-gcc/8/gcc/avr/8.1.0/avr25/libgcc.a(_copy_data.o)
 .text.libgcc   0x0000000000000bce        0x0 /usr/local/Cellar/avr-gcc/8.1.0/lib/avr-gcc/8/gcc/avr/8.1.0/avr25/libgcc.a(_copy_data.o)
 .text.libgcc.prologue
                0x0000000000000bce        0x0 /usr/local/Cellar/avr-gcc/8.1.0/lib/avr-gcc/8/gcc/avr/8.1.0/avr25/libgcc.a(_copy_data.o)
 .text.libgcc.builtins
                0x0000000000000bce        0x0 /usr/local/Cellar/avr-gcc/8.1.0/lib/avr-gcc/8/gcc/avr/8.1.0/avr25/libgcc.a(_copy_data.o)
 .text.libgcc.fmul
                0x0000000000000bce        0x0 /usr/local/Cellar/avr-gcc/8.1.0/lib/avr-gcc/8/gcc/avr/8.1.0/avr25/libgcc.a(_copy_data.o)
 .text.libgcc.fixed
                0x0000000000000bce        0x0 /usr/local/Cellar/avr-gcc/8.1.0/lib/avr-gcc/8/gcc/avr/8.1.0/avr25/libgcc.a(_copy_data.o)
 .text.libgcc.mul
                0x0000000000000bce        0x0 /usr/local/Cellar/avr-gcc/8.1.0/lib/avr-gcc/8/gcc/avr/8.1.0/avr25/libgcc.a(_clear_bss.o)
 .text.libgcc.div
                0x0000000000000bce        0x0 /usr/local/Cellar/avr-gcc/8.1.0/lib/avr-gcc/8/gcc/avr/8.1.0/avr25/libgcc.a(_clear_bss.o)
 .text.libgcc   0x0000000000000bce        0x0 /usr/local/Cellar/avr-gcc/8.1.0/lib/avr-gcc/8/gcc/avr/8.1.0/avr25/libgcc.a(_clear_bss.o)
 .text.libgcc.prologue
                0x0000000000000bce        0x0 /usr/local/Cellar/avr-gcc/8.1.0/lib/avr-gcc/8/gcc/avr/8.1.0/avr25/libgcc.a(_clear_bss.o)
 .text.libgcc.builtins
                0x0000000000000bce        0x0 /usr/local/Cellar/avr-gcc/8.1.0/lib/avr-gcc/8/gcc/avr/8.1.0/avr25/libgcc.a(_clear_bss.o)
 .text.libgcc.fmul
                0x0000000000000bce        0x0 /usr/local/Cellar/avr-gcc/8.1.0/lib/avr-gcc/8/gcc/avr/8.1.0/avr25/libgcc.a(_clear_bss.o)
 .text.libgcc.fixed
                0x0000000000000bce        0x0 /usr/local/Cellar/avr-gcc/8.1.0/lib/avr-gcc/8/gcc/avr/8.1.0/avr25/libgcc.a(_clear_bss.o)
                0x0000000000000bce                . = ALIGN (0x2)
 *(.fini9)
 .fini9         0x0000000000000bce        0x0 /usr/local/Cellar/avr-gcc/8.1.0/lib/avr-gcc/8/gcc/avr/8.1.0/avr25/libgcc.a(_exit.o)
                0x0000000000000bce                exit
                0x0000000000000bce                _exit
 *(.fini9)
 *(.fini8)
 *(.fini8)
 *(.fini7)
 *(.fini7)
 *(.fini6)
 *(.fini6)
 *(.fini5)
 *(.fini5)
 *(.fini4)
 *(.fini4)
 *(.fini3)
 *(.fini3)
 *(.fini2)
 *(.fini2)
 *(.fini1)
 *(.fini1)
 *(.fini0)
 .fini0         0x0000000000000bce        0x4 /usr/local/Cellar/avr-gcc/8.1.0/lib/avr-gcc/8/gcc/avr/8.1.0/avr25/libgcc.a(_exit.o)
 *(.fini0)
 *(.hightext)
 *(.hightext*)
 *(.progmemx.*)
                0x0000000000000bd2                . = ALIGN (0x2)
 *(.jumptables)
 *(.jumptables*)
                0x0000000000000bd2                _etext = .

.data           0x0000000000800060       0x36 load address 0x0000000000000bd2
                0x0000000000800060                PROVIDE (__data_start = .)
 *(.data)
 .data          0x0000000000800060        0x0 /usr/local/Cellar/avr-gcc/8.1.0/lib/avr-gcc/8/gcc/avr/8.1.0/../../../../../../avr/lib/avr25/crtattiny85.o
 .data          0x0000000000800060        0x0 main.o
 .data          0x0000000000800060        0x0 libs/tinusaur-ssd1306xled/ssd1306xled/ssd1306xled.o
 .data          0x0000000000800060        0x0 libs/tinusaur-ssd1306xled/ssd1306xled/num2str.o
 .data          0x0000000000800060        0x0 usi_i2c_master.o
 .data          0x0000000000800060        0x0 ina219.o
 .data          0x0000000000800060        0x0 /usr/local/Cellar/avr-gcc/8.1.0/lib/avr-gcc/8/gcc/avr/8.1.0/avr25/libgcc.a(_mulhi3.o)
 .data          0x0000000000800060        0x0 /usr/local/Cellar/avr-gcc/8.1.0/lib/avr-gcc/8/gcc/avr/8.1.0/avr25/libgcc.a(_exit.o)
 .data          0x0000000000800060        0x0 /usr/local/Cellar/avr-gcc/8.1.0/lib/avr-gcc/8/gcc/avr/8.1.0/avr25/libgcc.a(_copy_data.o)
 .data          0x0000000000800060        0x0 /usr/local/Cellar/avr-gcc/8.1.0/lib/avr-gcc/8/gcc/avr/8.1.0/avr25/libgcc.a(_clear_bss.o)
 *(.data*)
 *(.gnu.linkonce.d*)
 *(.rodata)
 .rodata        0x0000000000800060        0xa libs/tinusaur-ssd1306xled/ssd1306xled/num2str.o
 .rodata        0x000000000080006a       0x1c ina219.o
 *(.rodata*)
 .rodata.str1.1
                0x0000000000800086        0xf ina219.o
 *(.gnu.linkonce.r*)
                0x0000000000800096                . = ALIGN (0x2)
 *fill*         0x0000000000800095        0x1 
                0x0000000000800096                _edata = .
                0x0000000000800096                PROVIDE (__data_end = .)

.bss            0x0000000000800096        0xb
                0x0000000000800096                PROVIDE (__bss_start = .)
 *(.bss)
 .bss           0x0000000000800096        0x0 /usr/local/Cellar/avr-gcc/8.1.0/lib/avr-gcc/8/gcc/avr/8.1.0/../../../../../../avr/lib/avr25/crtattiny85.o
 .bss           0x0000000000800096        0x0 main.o
 .bss           0x0000000000800096        0x4 libs/tinusaur-ssd1306xled/ssd1306xled/ssd1306xled.o
                0x0000000000800096                ssd1306xled_font8x16
                0x0000000000800098                ssd1306xled_font6x8
 .bss           0x000000000080009a        0x0 libs/tinusaur-ssd1306xled/ssd1306xled/num2str.o
 .bss           0x000000000080009a        0x0 usi_i2c_master.o
 .bss           0x000000000080009a        0x0 ina219.o
 .bss           0x000000000080009a        0x0 /usr/local/Cellar/avr-gcc/8.1.0/lib/avr-gcc/8/gcc/avr/8.1.0/avr25/libgcc.a(_mulhi3.o)
 .bss           0x000000000080009a        0x0 /usr/local/Cellar/avr-gcc/8.1.0/lib/avr-gcc/8/gcc/avr/8.1.0/avr25/libgcc.a(_exit.o)
 .bss           0x000000000080009a        0x0 /usr/local/Cellar/avr-gcc/8.1.0/lib/avr-gcc/8/gcc/avr/8.1.0/avr25/libgcc.a(_copy_data.o)
 .bss           0x000000000080009a        0x0 /usr/local/Cellar/avr-gcc/8.1.0/lib/avr-gcc/8/gcc/avr/8.1.0/avr25/libgcc.a(_clear_bss.o)
 *(.bss*)
 *(COMMON)
 COMMON         0x000000000080009a        0x6 libs/tinusaur-ssd1306xled/ssd1306xled/ssd1306xled.o
                0x000000000080009a                ssd1306_numdec_buffer
 COMMON         0x00000000008000a0        0x1 usi_i2c_master.o
                0x00000000008000a0                USI_I2C_Master_State
                0x00000000008000a1                PROVIDE (__bss_end = .)
                0x0000000000000bd2                __data_load_start = LOADADDR (.data)
                0x0000000000000c08                __data_load_end = (__data_load_start + SIZEOF (.data))

.noinit         0x00000000008000a1        0x0
                [!provide]                        PROVIDE (__noinit_start = .)
 *(.noinit*)
                [!provide]                        PROVIDE (__noinit_end = .)
                0x00000000008000a1                _end = .
                [!provide]                        PROVIDE (__heap_start = .)

.eeprom         0x0000000000810000        0x0
 *(.eeprom*)
                0x0000000000810000                __eeprom_end = .

.fuse
 *(.fuse)
 *(.lfuse)
 *(.hfuse)
 *(.efuse)

.lock
 *(.lock*)

.signature
 *(.signature*)

.stab
 *(.stab)

.stabstr
 *(.stabstr)

.stab.excl
 *(.stab.excl)

.stab.exclstr
 *(.stab.exclstr)

.stab.index
 *(.stab.index)

.stab.indexstr
 *(.stab.indexstr)

.comment        0x0000000000000000       0x11
 *(.comment)
 .comment       0x0000000000000000       0x11 main.o
                                         0x12 (size before relaxing)
 .comment       0x0000000000000011       0x12 libs/tinusaur-ssd1306xled/ssd1306xled/ssd1306xled.o
 .comment       0x0000000000000011       0x12 libs/tinusaur-ssd1306xled/ssd1306xled/num2str.o
 .comment       0x0000000000000011       0x12 usi_i2c_master.o
 .comment       0x0000000000000011       0x12 ina219.o

.note.gnu.avr.deviceinfo
                0x0000000000000000       0x3c
 .note.gnu.avr.deviceinfo
                0x0000000000000000       0x3c /usr/local/Cellar/avr-gcc/8.1.0/lib/avr-gcc/8/gcc/avr/8.1.0/../../../../../../avr/lib/avr25/crtattiny85.o

.note.gnu.build-id
 *(.note.gnu.build-id)

.debug
 *(.debug)

.line
 *(.line)

.debug_srcinfo
 *(.debug_srcinfo)

.debug_sfnames
 *(.debug_sfnames)

.debug_aranges  0x0000000000000000      0x128
 *(.debug_aranges)
 .debug_aranges
                0x0000000000000000       0x28 main.o
 .debug_aranges
                0x0000000000000028       0x20 libs/tinusaur-ssd1306xled/ssd1306xled/ssd1306xled.o
 .debug_aranges
                0x0000000000000048       0x20 libs/tinusaur-ssd1306xled/ssd1306xled/num2str.o
 .debug_aranges
                0x0000000000000068       0x20 usi_i2c_master.o
 .debug_aranges
                0x0000000000000088       0x20 ina219.o
 .debug_aranges
                0x00000000000000a8       0x20 /usr/local/Cellar/avr-gcc/8.1.0/lib/avr-gcc/8/gcc/avr/8.1.0/avr25/libgcc.a(_mulhi3.o)
 .debug_aranges
                0x00000000000000c8       0x20 /usr/local/Cellar/avr-gcc/8.1.0/lib/avr-gcc/8/gcc/avr/8.1.0/avr25/libgcc.a(_exit.o)
 .debug_aranges
                0x00000000000000e8       0x20 /usr/local/Cellar/avr-gcc/8.1.0/lib/avr-gcc/8/gcc/avr/8.1.0/avr25/libgcc.a(_copy_data.o)
 .debug_aranges
                0x0000000000000108       0x20 /usr/local/Cellar/avr-gcc/8.1.0/lib/avr-gcc/8/gcc/avr/8.1.0/avr25/libgcc.a(_clear_bss.o)

.debug_pubnames
 *(.debug_pubnames)

.debug_info     0x0000000000000000     0x1b87
 *(.debug_info .gnu.linkonce.wi.*)
 .debug_info    0x0000000000000000      0x420 /usr/local/Cellar/avr-gcc/8.1.0/lib/avr-gcc/8/gcc/avr/8.1.0/../../../../../../avr/lib/avr25/crtattiny85.o
 .debug_info    0x0000000000000420      0x2c8 main.o
 .debug_info    0x00000000000006e8      0xb6e libs/tinusaur-ssd1306xled/ssd1306xled/ssd1306xled.o
 .debug_info    0x0000000000001256      0x1db libs/tinusaur-ssd1306xled/ssd1306xled/num2str.o
 .debug_info    0x0000000000001431      0x421 usi_i2c_master.o
 .debug_info    0x0000000000001852      0x29d ina219.o
 .debug_info    0x0000000000001aef       0x26 /usr/local/Cellar/avr-gcc/8.1.0/lib/avr-gcc/8/gcc/avr/8.1.0/avr25/libgcc.a(_mulhi3.o)
 .debug_info    0x0000000000001b15       0x26 /usr/local/Cellar/avr-gcc/8.1.0/lib/avr-gcc/8/gcc/avr/8.1.0/avr25/libgcc.a(_exit.o)
 .debug_info    0x0000000000001b3b       0x26 /usr/local/Cellar/avr-gcc/8.1.0/lib/avr-gcc/8/gcc/avr/8.1.0/avr25/libgcc.a(_copy_data.o)
 .debug_info    0x0000000000001b61       0x26 /usr/local/Cellar/avr-gcc/8.1.0/lib/avr-gcc/8/gcc/avr/8.1.0/avr25/libgcc.a(_clear_bss.o)

.debug_abbrev   0x0000000000000000      0xcd5
 *(.debug_abbrev)
 .debug_abbrev  0x0000000000000000      0x3e8 /usr/local/Cellar/avr-gcc/8.1.0/lib/avr-gcc/8/gcc/avr/8.1.0/../../../../../../avr/lib/avr25/crtattiny85.o
 .debug_abbrev  0x00000000000003e8      0x1da main.o
 .debug_abbrev  0x00000000000005c2      0x2a9 libs/tinusaur-ssd1306xled/ssd1306xled/ssd1306xled.o
 .debug_abbrev  0x000000000000086b       0xff libs/tinusaur-ssd1306xled/ssd1306xled/num2str.o
 .debug_abbrev  0x000000000000096a      0x193 usi_i2c_master.o
 .debug_abbrev  0x0000000000000afd      0x188 ina219.o
 .debug_abbrev  0x0000000000000c85       0x14 /usr/local/Cellar/avr-gcc/8.1.0/lib/avr-gcc/8/gcc/avr/8.1.0/avr25/libgcc.a(_mulhi3.o)
 .debug_abbrev  0x0000000000000c99       0x14 /usr/local/Cellar/avr-gcc/8.1.0/lib/avr-gcc/8/gcc/avr/8.1.0/avr25/libgcc.a(_exit.o)
 .debug_abbrev  0x0000000000000cad       0x14 /usr/local/Cellar/avr-gcc/8.1.0/lib/avr-gcc/8/gcc/avr/8.1.0/avr25/libgcc.a(_copy_data.o)
 .debug_abbrev  0x0000000000000cc1       0x14 /usr/local/Cellar/avr-gcc/8.1.0/lib/avr-gcc/8/gcc/avr/8.1.0/avr25/libgcc.a(_clear_bss.o)

.debug_line     0x0000000000000000     0x1abd
 *(.debug_line .debug_line.* .debug_line_end)
 .debug_line    0x0000000000000000       0x1d /usr/local/Cellar/avr-gcc/8.1.0/lib/avr-gcc/8/gcc/avr/8.1.0/../../../../../../avr/lib/avr25/crtattiny85.o
 .debug_line    0x000000000000001d      0x1f2 main.o
 .debug_line    0x000000000000020f      0xa8a libs/tinusaur-ssd1306xled/ssd1306xled/ssd1306xled.o
 .debug_line    0x0000000000000c99      0x2cf libs/tinusaur-ssd1306xled/ssd1306xled/num2str.o
 .debug_line    0x0000000000000f68      0x6ed usi_i2c_master.o
 .debug_line    0x0000000000001655      0x230 ina219.o
 .debug_line    0x0000000000001885       0xbb /usr/local/Cellar/avr-gcc/8.1.0/lib/avr-gcc/8/gcc/avr/8.1.0/avr25/libgcc.a(_mulhi3.o)
 .debug_line    0x0000000000001940       0x61 /usr/local/Cellar/avr-gcc/8.1.0/lib/avr-gcc/8/gcc/avr/8.1.0/avr25/libgcc.a(_exit.o)
 .debug_line    0x00000000000019a1       0x97 /usr/local/Cellar/avr-gcc/8.1.0/lib/avr-gcc/8/gcc/avr/8.1.0/avr25/libgcc.a(_copy_data.o)
 .debug_line    0x0000000000001a38       0x85 /usr/local/Cellar/avr-gcc/8.1.0/lib/avr-gcc/8/gcc/avr/8.1.0/avr25/libgcc.a(_clear_bss.o)

.debug_frame    0x0000000000000000      0x360
 *(.debug_frame)
 .debug_frame   0x0000000000000000       0x3c main.o
 .debug_frame   0x000000000000003c      0x248 libs/tinusaur-ssd1306xled/ssd1306xled/ssd1306xled.o
 .debug_frame   0x0000000000000284       0x48 libs/tinusaur-ssd1306xled/ssd1306xled/num2str.o
 .debug_frame   0x00000000000002cc       0x58 usi_i2c_master.o
 .debug_frame   0x0000000000000324       0x3c ina219.o

.debug_str      0x0000000000000000      0x76b
 *(.debug_str)
 .debug_str     0x0000000000000000      0x169 /usr/local/Cellar/avr-gcc/8.1.0/lib/avr-gcc/8/gcc/avr/8.1.0/../../../../../../avr/lib/avr25/crtattiny85.o
 .debug_str     0x0000000000000169      0x1e7 main.o
                                        0x225 (size before relaxing)
 .debug_str     0x0000000000000350      0x22a libs/tinusaur-ssd1306xled/ssd1306xled/ssd1306xled.o
                                        0x3d8 (size before relaxing)
 .debug_str     0x000000000000057a       0x65 libs/tinusaur-ssd1306xled/ssd1306xled/num2str.o
                                        0x1c0 (size before relaxing)
 .debug_str     0x00000000000005df       0xb7 usi_i2c_master.o
                                        0x228 (size before relaxing)
 .debug_str     0x0000000000000696       0x53 ina219.o
                                        0x219 (size before relaxing)
 .debug_str     0x00000000000006e9       0x82 /usr/local/Cellar/avr-gcc/8.1.0/lib/avr-gcc/8/gcc/avr/8.1.0/avr25/libgcc.a(_mulhi3.o)
 .debug_str     0x000000000000076b       0x82 /usr/local/Cellar/avr-gcc/8.1.0/lib/avr-gcc/8/gcc/avr/8.1.0/avr25/libgcc.a(_exit.o)
 .debug_str     0x000000000000076b       0x82 /usr/local/Cellar/avr-gcc/8.1.0/lib/avr-gcc/8/gcc/avr/8.1.0/avr25/libgcc.a(_copy_data.o)
 .debug_str     0x000000000000076b       0x82 /usr/local/Cellar/avr-gcc/8.1.0/lib/avr-gcc/8/gcc/avr/8.1.0/avr25/libgcc.a(_clear_bss.o)

.debug_loc      0x0000000000000000     0x1341
 *(.debug_loc)
 .debug_loc     0x0000000000000000       0xa4 main.o
 .debug_loc     0x00000000000000a4      0xbd4 libs/tinusaur-ssd1306xled/ssd1306xled/ssd1306xled.o
 .debug_loc     0x0000000000000c78      0x249 libs/tinusaur-ssd1306xled/ssd1306xled/num2str.o
 .debug_loc     0x0000000000000ec1      0x38f usi_i2c_master.o
 .debug_loc     0x0000000000001250       0xf1 ina219.o

.debug_macinfo
 *(.debug_macinfo)

.debug_weaknames
 *(.debug_weaknames)

.debug_funcnames
 *(.debug_funcnames)

.debug_typenames
 *(.debug_typenames)

.debug_varnames
 *(.debug_varnames)

.debug_pubtypes
 *(.debug_pubtypes)

.debug_ranges   0x0000000000000000      0x150
 *(.debug_ranges)
 .debug_ranges  0x0000000000000000       0x18 main.o
 .debug_ranges  0x0000000000000018       0xf8 libs/tinusaur-ssd1306xled/ssd1306xled/ssd1306xled.o
 .debug_ranges  0x0000000000000110       0x40 libs/tinusaur-ssd1306xled/ssd1306xled/num2str.o

.debug_macro
 *(.debug_macro)

.debug_addr
 *(.debug_addr)
OUTPUT(main.elf elf32-avr)
LOAD linker stubs

Cross Reference Table

Symbol                                            File
USI_I2C_Master_Start_Transmission                 usi_i2c_master.o
                                                  ina219.o
USI_I2C_Master_State                              usi_i2c_master.o
USI_I2C_Master_Transfer                           usi_i2c_master.o
__bad_interrupt                                   /usr/local/Cellar/avr-gcc/8.1.0/lib/avr-gcc/8/gcc/avr/8.1.0/../../../../../../avr/lib/avr25/crtattiny85.o
__bss_end                                         /usr/local/Cellar/avr-gcc/8.1.0/lib/avr-gcc/8/gcc/avr/8.1.0/avr25/libgcc.a(_clear_bss.o)
__bss_start                                       /usr/local/Cellar/avr-gcc/8.1.0/lib/avr-gcc/8/gcc/avr/8.1.0/avr25/libgcc.a(_clear_bss.o)
__data_end                                        /usr/local/Cellar/avr-gcc/8.1.0/lib/avr-gcc/8/gcc/avr/8.1.0/avr25/libgcc.a(_copy_data.o)
__data_load_start                                 /usr/local/Cellar/avr-gcc/8.1.0/lib/avr-gcc/8/gcc/avr/8.1.0/avr25/libgcc.a(_copy_data.o)
__data_start                                      /usr/local/Cellar/avr-gcc/8.1.0/lib/avr-gcc/8/gcc/avr/8.1.0/avr25/libgcc.a(_copy_data.o)
__do_clear_bss                                    /usr/local/Cellar/avr-gcc/8.1.0/lib/avr-gcc/8/gcc/avr/8.1.0/avr25/libgcc.a(_clear_bss.o)
                                                  usi_i2c_master.o
                                                  libs/tinusaur-ssd1306xled/ssd1306xled/ssd1306xled.o
__do_copy_data                                    /usr/local/Cellar/avr-gcc/8.1.0/lib/avr-gcc/8/gcc/avr/8.1.0/avr25/libgcc.a(_copy_data.o)
                                                  ina219.o
                                                  libs/tinusaur-ssd1306xled/ssd1306xled/num2str.o
__heap_end                                        /usr/local/Cellar/avr-gcc/8.1.0/lib/avr-gcc/8/gcc/avr/8.1.0/../../../../../../avr/lib/avr25/crtattiny85.o
__init                                            /usr/local/Cellar/avr-gcc/8.1.0/lib/avr-gcc/8/gcc/avr/8.1.0/../../../../../../avr/lib/avr25/crtattiny85.o
__mulhi3                                          /usr/local/Cellar/avr-gcc/8.1.0/lib/avr-gcc/8/gcc/avr/8.1.0/avr25/libgcc.a(_mulhi3.o)
                                                  libs/tinusaur-ssd1306xled/ssd1306xled/ssd1306xled.o
__stack                                           /usr/local/Cellar/avr-gcc/8.1.0/lib/avr-gcc/8/gcc/avr/8.1.0/../../../../../../avr/lib/avr25/crtattiny85.o
__vector_1                                        /usr/local/Cellar/avr-gcc/8.1.0/lib/avr-gcc/8/gcc/avr/8.1.0/../../../../../../avr/lib/avr25/crtattiny85.o
__vector_10                                       /usr/local/Cellar/avr-gcc/8.1.0/lib/avr-gcc/8/gcc/avr/8.1.0/../../../../../../avr/lib/avr25/crtattiny85.o
__vector_11                                       /usr/local/Cellar/avr-gcc/8.1.0/lib/avr-gcc/8/gcc/avr/8.1.0/../../../../../../avr/lib/avr25/crtattiny85.o
__vector_12                                       /usr/local/Cellar/avr-gcc/8.1.0/lib/avr-gcc/8/gcc/avr/8.1.0/../../../../../../avr/lib/avr25/crtattiny85.o
__vector_13                                       /usr/local/Cellar/avr-gcc/8.1.0/lib/avr-gcc/8/gcc/avr/8.1.0/../../../../../../avr/lib/avr25/crtattiny85.o
__vector_14                                       /usr/local/Cellar/avr-gcc/8.1.0/lib/avr-gcc/8/gcc/avr/8.1.0/../../../../../../avr/lib/avr25/crtattiny85.o
__vector_2                                        /usr/local/Cellar/avr-gcc/8.1.0/lib/avr-gcc/8/gcc/avr/8.1.0/../../../../../../avr/lib/avr25/crtattiny85.o
__vector_3                                        /usr/local/Cellar/avr-gcc/8.1.0/lib/avr-gcc/8/gcc/avr/8.1.0/../../../../../../avr/lib/avr25/crtattiny85.o
__vector_4                                        /usr/local/Cellar/avr-gcc/8.1.0/lib/avr-gcc/8/gcc/avr/8.1.0/../../../../../../avr/lib/avr25/crtattiny85.o
__vector_5                                        /usr/local/Cellar/avr-gcc/8.1.0/lib/avr-gcc/8/gcc/avr/8.1.0/../../../../../../avr/lib/avr25/crtattiny85.o
__vector_6                                        /usr/local/Cellar/avr-gcc/8.1.0/lib/avr-gcc/8/gcc/avr/8.1.0/../../../../../../avr/lib/avr25/crtattiny85.o
__vector_7                                        /usr/local/Cellar/avr-gcc/8.1.0/lib/avr-gcc/8/gcc/avr/8.1.0/../../../../../../avr/lib/avr25/crtattiny85.o
__vector_8                                        /usr/local/Cellar/avr-gcc/8.1.0/lib/avr-gcc/8/gcc/avr/8.1.0/../../../../../../avr/lib/avr25/crtattiny85.o
__vector_9                                        /usr/local/Cellar/avr-gcc/8.1.0/lib/avr-gcc/8/gcc/avr/8.1.0/../../../../../../avr/lib/avr25/crtattiny85.o
__vector_default                                  /usr/local/Cellar/avr-gcc/8.1.0/lib/avr-gcc/8/gcc/avr/8.1.0/../../../../../../avr/lib/avr25/crtattiny85.o
__vectors                                         /usr/local/Cellar/avr-gcc/8.1.0/lib/avr-gcc/8/gcc/avr/8.1.0/../../../../../../avr/lib/avr25/crtattiny85.o
_exit                                             /usr/local/Cellar/avr-gcc/8.1.0/lib/avr-gcc/8/gcc/avr/8.1.0/avr25/libgcc.a(_exit.o)
exit                                              /usr/local/Cellar/avr-gcc/8.1.0/lib/avr-gcc/8/gcc/avr/8.1.0/avr25/libgcc.a(_exit.o)
                                                  /usr/local/Cellar/avr-gcc/8.1.0/lib/avr-gcc/8/gcc/avr/8.1.0/../../../../../../avr/lib/avr25/crtattiny85.o
ina_init                                          ina219.o
                                                  main.o
init                                              main.o
main                                              main.o
                                                  /usr/local/Cellar/avr-gcc/8.1.0/lib/avr-gcc/8/gcc/avr/8.1.0/../../../../../../avr/lib/avr25/crtattiny85.o
ssd1306_byte                                      libs/tinusaur-ssd1306xled/ssd1306xled/ssd1306xled.o
ssd1306_char_font6x8                              libs/tinusaur-ssd1306xled/ssd1306xled/ssd1306xled.o
ssd1306_draw_bmp                                  libs/tinusaur-ssd1306xled/ssd1306xled/ssd1306xled.o
ssd1306_fill                                      libs/tinusaur-ssd1306xled/ssd1306xled/ssd1306xled.o
                                                  main.o
ssd1306_fill2                                     libs/tinusaur-ssd1306xled/ssd1306xled/ssd1306xled.o
ssd1306_fill4                                     libs/tinusaur-ssd1306xled/ssd1306xled/ssd1306xled.o
ssd1306_init                                      libs/tinusaur-ssd1306xled/ssd1306xled/ssd1306xled.o
                                                  main.o
ssd1306_init_sequence                             libs/tinusaur-ssd1306xled/ssd1306xled/ssd1306xled.o
ssd1306_numdec_buffer                             libs/tinusaur-ssd1306xled/ssd1306xled/ssd1306xled.o
ssd1306_numdec_font6x8                            libs/tinusaur-ssd1306xled/ssd1306xled/ssd1306xled.o
ssd1306_numdecp_font6x8                           libs/tinusaur-ssd1306xled/ssd1306xled/ssd1306xled.o
ssd1306_release                                   libs/tinusaur-ssd1306xled/ssd1306xled/ssd1306xled.o
ssd1306_send_byte                                 libs/tinusaur-ssd1306xled/ssd1306xled/ssd1306xled.o
ssd1306_send_command                              libs/tinusaur-ssd1306xled/ssd1306xled/ssd1306xled.o
ssd1306_send_command_start                        libs/tinusaur-ssd1306xled/ssd1306xled/ssd1306xled.o
ssd1306_send_command_stop                         libs/tinusaur-ssd1306xled/ssd1306xled/ssd1306xled.o
ssd1306_send_data_start                           libs/tinusaur-ssd1306xled/ssd1306xled/ssd1306xled.o
ssd1306_send_data_stop                            libs/tinusaur-ssd1306xled/ssd1306xled/ssd1306xled.o
ssd1306_setpos                                    libs/tinusaur-ssd1306xled/ssd1306xled/ssd1306xled.o
ssd1306_string_font6x8                            libs/tinusaur-ssd1306xled/ssd1306xled/ssd1306xled.o
ssd1306_string_font8x16xy                         libs/tinusaur-ssd1306xled/ssd1306xled/ssd1306xled.o
                                                  ina219.o
                                                  main.o
ssd1306_xfer_start                                libs/tinusaur-ssd1306xled/ssd1306xled/ssd1306xled.o
ssd1306_xfer_stop                                 libs/tinusaur-ssd1306xled/ssd1306xled/ssd1306xled.o
ssd1306xled_font6x8                               libs/tinusaur-ssd1306xled/ssd1306xled/ssd1306xled.o
ssd1306xled_font8x16                              libs/tinusaur-ssd1306xled/ssd1306xled/ssd1306xled.o
                                                  main.o
ssd1306xled_font8x16data                          main.o
usint2binascii                                    libs/tinusaur-ssd1306xled/ssd1306xled/num2str.o
usint2decascii                                    libs/tinusaur-ssd1306xled/ssd1306xled/num2str.o
                                                  libs/tinusaur-ssd1306xled/ssd1306xled/ssd1306xled.o
                                                  main.o
